#
# A fatal error has been detected by the Java Runtime Environment:
#
#  SIGSEGV (0xb) at pc=0x00007fe71cf0fd8d, pid=20178, tid=20179
#
# JRE version: OpenJDK Runtime Environment Microsoft-11369869 (17.0.15+6) (build 17.0.15+6-LTS)
# Java VM: OpenJDK 64-Bit Server VM Microsoft-11369869 (17.0.15+6-LTS, mixed mode, tiered, compressed oops, compressed class ptrs, g1 gc, linux-amd64)
# Problematic frame:
# C  0x00007fe6f80304d7
#
# Core dump will be written. Default location: Core dumps may be processed with "/usr/lib/systemd/systemd-coredump %P %u %g %s %t %c %h %d %F %I" (or dumping to /home/monsh/.local/share/FreesmLauncher/instances/Incremental Industries/minecraft/core.20178)
#
# If you would like to submit a bug report, please visit:
#   https://aka.ms/minecraftjavacrashes
# The crash happened outside the Java Virtual Machine in native code.
# See problematic frame for where to report the bug.
#

---------------  S U M M A R Y ------------

Command Line: -Duser.language=en -XX:+UseG1GC -XX:+ParallelRefProcEnabled -XX:MaxGCPauseMillis=200 -XX:+UnlockExperimentalVMOptions -XX:+DisableExplicitGC -XX:+AlwaysPreTouch -XX:G1NewSizePercent=30 -XX:G1MaxNewSizePercent=40 -XX:G1ReservePercent=20 -XX:G1HeapRegionSize=8M -XX:InitiatingHeapOccupancyPercent=15 -Dusing.aikars.flags=true -Daikars.new.flags=true -Xms512m -Xmx8064m -Djava.library.path=/home/monsh/.local/share/FreesmLauncher/instances/Incremental Industries/natives org.prismlauncher.EntryPoint

Host: Intel(R) Xeon(R) CPU E3-1505M v5 @ 2.80GHz, 8 cores, 15G, Arch Linux
Time: Thu Jul  9 23:28:33 2026 +0330 elapsed time: 11972.506511 seconds (0d 3h 19m 32s)

---------------  T H R E A D  ---------------

Current thread (0x00007fe7ac02c650):  JavaThread "Render thread" [_thread_in_native, id=20179, stack(0x00007fe7b4236000,0x00007fe7b4336000)]

Stack: [0x00007fe7b4236000,0x00007fe7b4336000],  sp=0x00007fe7b43323b8,  free space=1008k
Native frames: (J=compiled Java code, j=interpreted, Vv=VM code, C=native code)
C  0x00007fe6f80304d7

Java frames: (J=compiled Java code, j=interpreted, Vv=VM code)
J 33762  org.lwjgl.opengl.GL11C.nglDeleteTextures(IJ)V org.lwjgl.opengl@3.3.1+7 (0 bytes) @ 0x00007fe7a2aff5ec [0x00007fe7a2aff5a0+0x000000000000004c]
j  org.lwjgl.opengl.GL11C.glDeleteTextures(Ljava/nio/IntBuffer;)V+8 org.lwjgl.opengl@3.3.1+7
j  org.lwjgl.opengl.GL11.glDeleteTextures(Ljava/nio/IntBuffer;)V+1 org.lwjgl.opengl@3.3.1+7
j  xaero.map.graphics.GLObjectDeleter.work()V+86 xaeroworldmap@1.41.2
j  xaero.map.events.ClientEvents.handleRenderTick(Z)Z+19 xaeroworldmap@1.41.2
j  xaero.map.events.ClientEventsForge.renderTick(Lnet/minecraftforge/event/TickEvent$RenderTickEvent;)V+12 xaeroworldmap@1.41.2
j  xaero.map.events.__ClientEventsForge_renderTick_RenderTickEvent.invoke(Lnet/minecraftforge/eventbus/api/Event;)V+11 xaeroworldmap@1.41.2
J 65447 c2 net.minecraftforge.eventbus.ASMEventHandler.invoke(Lnet/minecraftforge/eventbus/api/Event;)V net.minecraftforge.eventbus (67 bytes) @ 0x00007fe7a4ac25cc [0x00007fe7a4ac24c0+0x000000000000010c]
J 30694 c2 net.minecraftforge.event.ForgeEventFactory.onRenderTickEnd(F)V forge@47.4.10 (21 bytes) @ 0x00007fe7a2602564 [0x00007fe7a2602460+0x0000000000000104]
j  net.minecraft.client.Minecraft.m_91383_(Z)V+526 minecraft@1.20.1
j  net.minecraft.client.Minecraft.m_91362_(Lnet/minecraft/client/gui/screens/Screen;)V+41 minecraft@1.20.1
j  net.minecraft.client.Minecraft.m_91320_(Lnet/minecraft/client/gui/screens/Screen;)V+87 minecraft@1.20.1
j  net.minecraft.client.Minecraft.m_91399_()V+9 minecraft@1.20.1
j  net.minecraft.client.Minecraft.m_91393_()V+47 minecraft@1.20.1
j  net.minecraft.client.main.Main.main([Ljava/lang/String;)V+1635 minecraft@1.20.1
v  ~StubRoutines::call_stub
J 3404  jdk.internal.reflect.NativeMethodAccessorImpl.invoke0(Ljava/lang/reflect/Method;Ljava/lang/Object;[Ljava/lang/Object;)Ljava/lang/Object; java.base@17.0.15 (0 bytes) @ 0x00007fe7a14b6f3f [0x00007fe7a14b6ec0+0x000000000000007f]
J 9831 c1 jdk.internal.reflect.NativeMethodAccessorImpl.invoke(Ljava/lang/Object;[Ljava/lang/Object;)Ljava/lang/Object; java.base@17.0.15 (137 bytes) @ 0x00007fe799b7436c [0x00007fe799b73980+0x00000000000009ec]
J 9811 c1 jdk.internal.reflect.DelegatingMethodAccessorImpl.invoke(Ljava/lang/Object;[Ljava/lang/Object;)Ljava/lang/Object; java.base@17.0.15 (10 bytes) @ 0x00007fe799ea2b4c [0x00007fe799ea2a40+0x000000000000010c]
J 12099 c1 java.lang.reflect.Method.invoke(Ljava/lang/Object;[Ljava/lang/Object;)Ljava/lang/Object; java.base@17.0.15 (65 bytes) @ 0x00007fe79a76e804 [0x00007fe79a76e6e0+0x0000000000000124]
j  net.minecraftforge.fml.loading.targets.CommonLaunchHandler.runTarget(Ljava/lang/String;[Ljava/lang/String;Ljava/lang/ModuleLayer;)V+39 fmlloader@1.20.1-47.4.10
j  net.minecraftforge.fml.loading.targets.CommonLaunchHandler.clientService([Ljava/lang/String;Ljava/lang/ModuleLayer;)V+5 fmlloader@1.20.1-47.4.10
j  net.minecraftforge.fml.loading.targets.CommonClientLaunchHandler.lambda$makeService$0([Ljava/lang/String;Ljava/lang/ModuleLayer;)V+3 fmlloader@1.20.1-47.4.10
j  net.minecraftforge.fml.loading.targets.CommonClientLaunchHandler$$Lambda$1580+0x000000080079e228.run()V+12 fmlloader@1.20.1-47.4.10
j  cpw.mods.modlauncher.LaunchServiceHandlerDecorator.launch([Ljava/lang/String;Ljava/lang/ModuleLayer;)V+11 cpw.mods.modlauncher@10.0.9
j  cpw.mods.modlauncher.LaunchServiceHandler.launch(Ljava/lang/String;[Ljava/lang/String;Ljava/lang/ModuleLayer;Lcpw/mods/modlauncher/TransformingClassLoader;Lcpw/mods/modlauncher/LaunchPluginHandler;)V+58 cpw.mods.modlauncher@10.0.9
j  cpw.mods.modlauncher.LaunchServiceHandler.launch(Lcpw/mods/modlauncher/ArgumentHandler;Ljava/lang/ModuleLayer;Lcpw/mods/modlauncher/TransformingClassLoader;Lcpw/mods/modlauncher/LaunchPluginHandler;)V+21 cpw.mods.modlauncher@10.0.9
j  cpw.mods.modlauncher.Launcher.run([Ljava/lang/String;)V+307 cpw.mods.modlauncher@10.0.9
j  cpw.mods.modlauncher.Launcher.main([Ljava/lang/String;)V+78 cpw.mods.modlauncher@10.0.9
j  cpw.mods.modlauncher.BootstrapLaunchConsumer.accept([Ljava/lang/String;)V+1 cpw.mods.modlauncher@10.0.9
j  cpw.mods.modlauncher.BootstrapLaunchConsumer.accept(Ljava/lang/Object;)V+5 cpw.mods.modlauncher@10.0.9
j  cpw.mods.bootstraplauncher.BootstrapLauncher.main([Ljava/lang/String;)V+515 cpw.mods.bootstraplauncher@1.1.2
v  ~StubRoutines::call_stub
j  jdk.internal.reflect.NativeMethodAccessorImpl.invoke0(Ljava/lang/reflect/Method;Ljava/lang/Object;[Ljava/lang/Object;)Ljava/lang/Object;+0 java.base@17.0.15
j  jdk.internal.reflect.NativeMethodAccessorImpl.invoke(Ljava/lang/Object;[Ljava/lang/Object;)Ljava/lang/Object;+133 java.base@17.0.15
j  jdk.internal.reflect.DelegatingMethodAccessorImpl.invoke(Ljava/lang/Object;[Ljava/lang/Object;)Ljava/lang/Object;+6 java.base@17.0.15
j  java.lang.reflect.Method.invoke(Ljava/lang/Object;[Ljava/lang/Object;)Ljava/lang/Object;+59 java.base@17.0.15
j  io.github.zekerzhayard.forgewrapper.installer.Main.main([Ljava/lang/String;)V+569
j  java.lang.invoke.LambdaForm$DMH+0x0000000800004400.invokeStaticInit(Ljava/lang/Object;Ljava/lang/Object;)V+10 java.base@17.0.15
j  java.lang.invoke.LambdaForm$MH+0x0000000800004c00.invokeExact_MT(Ljava/lang/Object;Ljava/lang/Object;Ljava/lang/Object;)V+19 java.base@17.0.15
j  org.prismlauncher.launcher.impl.StandardLauncher.launch()V+326
j  org.prismlauncher.EntryPoint.listen()Lorg/prismlauncher/EntryPoint$ExitCode;+288
j  org.prismlauncher.EntryPoint.main([Ljava/lang/String;)V+0
v  ~StubRoutines::call_stub

siginfo: si_signo: 11 (SIGSEGV), si_code: 1 (SEGV_MAPERR), si_addr: 0x00007fe71cf0fd8d

Registers:
RAX=0x0000000000000000, RBX=0x00007fe6f800d600, RCX=0x0000000000000000, RDX=0x0000000000000000
RSP=0x00007fe7b43323b0, RBP=0x00007fe71ce0be10, RSI=0x00007fe7b4332390, RDI=0x00007fe6f800d600
R8 =0x00007fe7b43a4000, R9 =0x00007fe7b43a4010, R10=0x000000000224cbe2, R11=0x00383c49d05f5ba2
R12=0x0000000000000000, R13=0x00007fe71e760280, R14=0x00007fe628e0b6c0, R15=0x00007fe628b60100
RIP=0x00007fe71cf0fd8d, EFLAGS=0x0000000000010202, CSGSFS=0x002b000000000033, ERR=0x0000000000000014
  TRAPNO=0x000000000000000e

XMM[0]=0x0000000000000000 0x0000000000000000
XMM[1]=0x0000000000000000 0xfffffffe00000000
XMM[2]=0x0000000000000000 0x00000000fffffffe
XMM[3]=0x00007fe700000000 0x00007fe7a0d3fb10
XMM[4]=0x00007fe7b4332638 0x00007fe7b4332688
XMM[5]=0x0000000000000000 0x00007fe7ac02c650
XMM[6]=0x0000000000000000 0x00007fe7ac02c650
XMM[7]=0x0000000000000000 0x00007fe7ac02c650
XMM[8]=0x0000000000000000 0x0000000000000000
XMM[9]=0x0000000000000000 0x0000000000000000
XMM[10]=0x0000000000000000 0x0000000000000000
XMM[11]=0x0000000000000000 0x0000000000000000
XMM[12]=0x0000000000000000 0x0000000000000000
XMM[13]=0x0000000000000000 0x0000000000000000
XMM[14]=0x0000000000000000 0x0000000000000000
XMM[15]=0x0000000000000000 0x0000000000000000
  MXCSR=0x00001fbf


Register to memory mapping:

RAX=0x0 is NULL
RBX=0x00007fe6f800d600 points into unknown readable memory: 0x0000000000040000 | 00 00 04 00 00 00 00 00
RCX=0x0 is NULL
RDX=0x0 is NULL
RSP=0x00007fe7b43323b0 is pointing into the stack for thread: 0x00007fe7ac02c650
RBP=0x00007fe71ce0be10 is an unknown value
RSI=0x00007fe7b4332390 is pointing into the stack for thread: 0x00007fe7ac02c650
RDI=0x00007fe6f800d600 points into unknown readable memory: 0x0000000000040000 | 00 00 04 00 00 00 00 00
R8 =0x00007fe7b43a4000 points into unknown readable memory: 0x000000010224cbe4 | e4 cb 24 02 01 00 00 00
R9 =0x00007fe7b43a4010 points into unknown readable memory: 0x000002879c523a63 | 63 3a 52 9c 87 02 00 00
R10=0x000000000224cbe2 is an unknown value
R11=0x00383c49d05f5ba2 is an unknown value
R12=0x0 is NULL
R13=0x00007fe71e760280 is an unknown value
R14=0x00007fe628e0b6c0 points into unknown readable memory: 0x00000000006ac261 | 61 c2 6a 00 00 00 00 00
R15=0x00007fe628b60100 points into unknown readable memory: 0x00007fe71ceb20f0 | f0 20 eb 1c e7 7f 00 00


Top of Stack: (sp=0x00007fe7b43323b0)
0x00007fe7b43323b0:   00007fe6f80304d7 00007fe6f800d600
0x00007fe7b43323c0:   0000000000000002 00007fe71cee5c6e
0x00007fe7b43323d0:   0000000000000002 00007fe6f800d600
0x00007fe7b43323e0:   00007fe628e0b6c0 00007fe71ce6d8a5
0x00007fe7b43323f0:   00007fe700000000 0000000000000000
0x00007fe7b4332400:   00000004ac000030 00007fe628b60100
0x00007fe7b4332410:   00007fe6f800d600 0000000000000000
0x00007fe7b4332420:   00007fe71e7602a8 00007fe7b40a89be
0x00007fe7b4332430:   00007fe6db30f1d0 00007fe6139cd358
0x00007fe7b4332440:   00007fe628b60100 00007fe6f800d600
0x00007fe7b4332450:   00007fe7adc219b8 0000000000000005
0x00007fe7b4332460:   00007fe628b60100 00007fe71ce6e048
0x00007fe7b4332470:   00007fe6f800d600 00007fe6139cd190
0x00007fe7b4332480:   00007fe7adbfb1a0 00007fe71cead91e
0x00007fe7b4332490:   00000000000006a8 00007fe71ce0c764
0x00007fe7b43324a0:   00000000000000d7 00007fe628e11230
0x00007fe7b43324b0:   00007fe6139cd358 00007fe6f800d600
0x00007fe7b43324c0:   00007fe7adbfb1a0 00007fe6139cd190
0x00007fe7b43324d0:   00000000411a9000 00007fe6139cd358
0x00007fe7b43324e0:   00007fe6f800d600 00007fe6139cd190
0x00007fe7b43324f0:   00007fe7adbfb1a0 0000000000000005
0x00007fe7b4332500:   00007fe6d54c91d0 00007fe71d4adf8e
0x00007fe7b4332510:   00007fe6d54c91d0 00007fe71e760200
0x00007fe7b4332520:   00007fe6139cd190 00000000411a9000
0x00007fe7b4332530:   00007fe71e760200 00007fe71ceaa764
0x00007fe7b4332540:   00007fe7adbfb1a0 01017fe700000001
0x00007fe7b4332550:   00007fe750107078 00007fe6db449a70
0x00007fe7b4332560:   00000000411a9000 00007fe6db449a70
0x00007fe7b4332570:   00007fe71e760200 0000000000000005
0x00007fe7b4332580:   00007fe6d54c91d0 00007fe71cbcd415
0x00007fe7b4332590:   0000000800087438 00007fe7519e9af0
0x00007fe7b43325a0:   00007fe7b4332610 0000000000000000 

Instructions: (pc=0x00007fe6f80304d7)
0x00007fe6f80303d7:   00 00 00 00 00 00 00 00 00 00 00 00 00 00 00 00
0x00007fe6f80303e7:   00 00 00 00 00 00 00 00 00 00 00 00 00 00 00 00
0x00007fe6f80303f7:   00 00 00 00 00 00 00 00 00 00 00 00 00 00 00 00
0x00007fe6f8030407:   00 00 00 00 00 0c 00 00 00 00 00 00 00 00 00 00
0x00007fe6f8030417:   00 00 00 00 00 00 00 00 00 d4 6c 28 01 00 00 00
0x00007fe6f8030427:   00 00 00 00 00 00 00 00 00 00 00 00 00 00 00 00
0x00007fe6f8030437:   00 00 80 00 0c 00 00 00 00 00 00 00 00 00 00 00
0x00007fe6f8030447:   00 cc 20 76 1e e7 7f 00 00 d0 20 76 1e e7 7f 00
0x00007fe6f8030457:   00 00 00 00 00 01 00 00 00 00 00 00 00 00 00 00
0x00007fe6f8030467:   00 00 00 00 00 00 00 00 00 00 00 00 00 00 00 00
0x00007fe6f8030477:   00 00 00 00 00 00 00 00 00 00 00 00 00 00 00 00
0x00007fe6f8030487:   00 00 01 00 00 00 00 00 00 00 00 00 00 01 00 00
0x00007fe6f8030497:   00 00 00 00 00 00 00 00 00 00 00 00 00 00 00 00
0x00007fe6f80304a7:   00 00 00 00 00 00 00 00 00 00 00 00 00 00 00 00
0x00007fe6f80304b7:   00 00 00 00 00 00 00 00 00 01 00 00 00 00 00 00
0x00007fe6f80304c7:   00 c0 a7 14 f8 e6 7f 00 00 00 00 00 00 00 00 00
0x00007fe6f80304d7:   00 a0 9c b7 28 e6 7f 00 00 40 9d 14 f8 e6 7f 00
0x00007fe6f80304e7:   00 b0 ad 12 f8 e6 7f 00 00 00 00 00 00 00 00 00
0x00007fe6f80304f7:   00 b0 9c 37 29 e6 7f 00 00 00 00 00 00 00 00 00
0x00007fe6f8030507:   00 00 00 00 00 00 00 00 00 c0 b4 12 f8 e6 7f 00
0x00007fe6f8030517:   00 00 00 2c 04 00 00 00 00 00 00 88 04 00 00 00
0x00007fe6f8030527:   00 00 01 7c 04 00 00 00 00 00 00 00 00 00 00 00
0x00007fe6f8030537:   00 00 00 24 04 00 00 00 00 00 00 00 00 00 00 00
0x00007fe6f8030547:   00 00 00 86 04 00 00 00 00 00 00 00 00 00 00 00
0x00007fe6f8030557:   00 00 70 88 04 00 00 00 00 00 b1 88 04 00 00 00
0x00007fe6f8030567:   00 00 f2 88 04 00 00 00 00 00 33 89 04 00 00 00
0x00007fe6f8030577:   00 00 74 89 04 00 00 00 00 00 b5 89 04 00 00 00
0x00007fe6f8030587:   00 00 41 00 00 00 41 00 00 00 41 00 00 00 41 00
0x00007fe6f8030597:   00 00 41 00 00 00 41 00 00 01 00 00 00 00 00 00
0x00007fe6f80305a7:   00 00 00 00 00 00 00 00 00 00 00 00 00 00 00 00
0x00007fe6f80305b7:   00 00 00 00 00 00 00 00 00 02 00 00 00 00 00 00
0x00007fe6f80305c7:   00 00 00 00 00 00 00 00 00 00 00 00 00 00 00 00 


Stack slot to memory mapping:
stack at sp + 0 slots: 0x00007fe6f800d600 points into unknown readable memory: 0x0000000000040000 | 00 00 04 00 00 00 00 00
stack at sp + 1 slots: 0x0000000000000002 is an unknown value
stack at sp + 2 slots: 0x00007fe71cee5c6e is an unknown value
stack at sp + 3 slots: 0x0000000000000002 is an unknown value
stack at sp + 4 slots: 0x00007fe6f800d600 points into unknown readable memory: 0x0000000000040000 | 00 00 04 00 00 00 00 00
stack at sp + 5 slots: 0x00007fe628e0b6c0 points into unknown readable memory: 0x00000000006ac261 | 61 c2 6a 00 00 00 00 00
stack at sp + 6 slots: 0x00007fe71ce6d8a5 is an unknown value
stack at sp + 7 slots: 0x00007fe700000000 is an unknown value


Compiled method (n/a) 
[error occurred during error reporting (printing code blobs if possible), id 0xb, SIGSEGV (0xb) at pc=0x00007fe7b3a89e71]


---------------  P R O C E S S  ---------------

Threads class SMR info:
_java_thread_list=0x00007fe6f022cf20, length=71, elements={
0x00007fe7ac02c650, 0x00007fe7ac1c5d90, 0x00007fe7ac1c73e0, 0x00007fe7ac1f7ef0,
0x00007fe7ac1f92a0, 0x00007fe7ac1fa6b0, 0x00007fe7ac1ed900, 0x00007fe7ac1eee30,
0x00007fe7ac1f02c0, 0x00007fe7ac2be150, 0x00007fe7ac2cb5a0, 0x00007fe7ad073230,
0x00007fe7ae0bb030, 0x00007fe6d8484fe0, 0x00007fe7adf2bf40, 0x00007fe6d85720a0,
0x00007fe7afd8bde0, 0x00007fe6d8799470, 0x00007fe6f006ac40, 0x00007fe6f026db20,
0x00007fe6f00c6050, 0x00007fe6f02138c0, 0x00007fe6f0214f40, 0x00007fe6a42c6b40,
0x00007fe6a43a3150, 0x00007fe6a828c3b0, 0x00007fe6a8203740, 0x00007fe6a82ab690,
0x00007fe6a45cc850, 0x00007fe6902ff610, 0x00007fe69051b7a0, 0x00007fe69051e9e0,
0x00007fe690524e30, 0x00007fe6d94417f0, 0x00007fe6f40051c0, 0x00007fe6c8103e30,
0x00007fe69c3514e0, 0x00007fe6d54c8780, 0x00007fe6cc0ed4d0, 0x00007fe6cc0ee2b0,
0x00007fe6d9295ce0, 0x00007fe6d92a89b0, 0x00007fe628d2f340, 0x00007fe6dbfb47f0,
0x00007fe628112770, 0x00007fe6938865e0, 0x00007fe693b2adc0, 0x00007fe693b7a060,
0x00007fe6da604160, 0x00007fe6da6425a0, 0x00007fe6b809f490, 0x00007fe6da8c5250,
0x00007fe6da8c5ab0, 0x00007fe6da68b560, 0x00007fe6da6cf720, 0x00007fe6f8003060,
0x00007fe7680242a0, 0x00007fe7640ab410, 0x00007fe6f81a1790, 0x00007fe6c4212e70,
0x00007fe6983cabc0, 0x00007fe692ebaec0, 0x00007fe692eabfc0, 0x00007fe6640044d0,
0x00007fe6640012f0, 0x00007fe6d49d4380, 0x00007fe664008fb0, 0x00007fe744358f60,
0x00007fe6d4a0d7b0, 0x00007fe6dab7aa50, 0x00007fe744132960
}

Java Threads: ( => current thread )
=>0x00007fe7ac02c650 JavaThread "Render thread" [_thread_in_native, id=20179, stack(0x00007fe7b4236000,0x00007fe7b4336000)]
  0x00007fe7ac1c5d90 JavaThread "Reference Handler" daemon [_thread_blocked, id=20193, stack(0x00007fe779527000,0x00007fe779627000)]
  0x00007fe7ac1c73e0 JavaThread "Finalizer" daemon [_thread_blocked, id=20194, stack(0x00007fe779426000,0x00007fe779526000)]
  0x00007fe7ac1f7ef0 JavaThread "Signal Dispatcher" daemon [_thread_blocked, id=20195, stack(0x00007fe779325000,0x00007fe779425000)]
  0x00007fe7ac1f92a0 JavaThread "Service Thread" daemon [_thread_blocked, id=20196, stack(0x00007fe778f00000,0x00007fe779000000)]
  0x00007fe7ac1fa6b0 JavaThread "Monitor Deflation Thread" daemon [_thread_blocked, id=20197, stack(0x00007fe778dff000,0x00007fe778eff000)]
  0x00007fe7ac1ed900 JavaThread "C2 CompilerThread0" daemon [_thread_blocked, id=20198, stack(0x00007fe778cfe000,0x00007fe778dfe000)]
  