================================================================
  History Stages - Diagnostic Report
  Generated: 2026-06-11 23:19:01
  Mod Version: 5.4.0-1.20.1
  Minecraft Forge: 47.4.10
================================================================

  Global stages loaded:     8
  Individual stages loaded: 0
  Total issues:             1  (Errors: 0  |  Warnings: 0  |  Info: 1)

  Total entries across global stages:
    Items: 16  |  Tags: 0  |  Mods: 0  |  Mod Exceptions: 0
    Recipes: 16  |  Dimensions: 0  |  Structures: 0
    Entities (attacklock): 0  |  Entities (spawnlock): 4

================================================================
  ISSUES
================================================================

--- Unresolved Dependencies --------------------------------

  [INFO]  Dependency references global stage 'logistics_1' which is not yet loaded (Stage: basic_processing, group 1). This is only a problem if the stage never loads.

================================================================
  LOADED GLOBAL STAGES (8)
================================================================

--- basic_processing (Basic Processing) ------------------
  Research time: 20s (custom)
  Total entries: 6
  Items (2):
    - create:mechanical_press
    - create:mechanical_mixer
  Recipes (2):
    - kubejs:kjs/create_mechanical_press
    - kubejs:kjs/create_mechanical_mixer
  Entities (spawnlock) (2):
    - minecraft:skeleton
    - minecraft:spider
  Dependencies (1 group(s)):
    Group 1 [AND]:
      stage: logistics_1

--- vertical_gearbox (Vertical Gearbox) ------------------
  Research time: 20s (custom)
  Total entries: 2
  Items (1):
    - create:vertical_gearbox
  Recipes (1):
    - kubejs:kjs/create_vertical_gearbox
  Dependencies (1 group(s)):
    Group 1 [AND]:
      stage: logistics_1

--- power_1 (Power (1)) ----------------------------------
  Research time: 20s (custom)
  Total entries: 4
  Items (2):
    - create:water_wheel
    - create:large_water_wheel
  Recipes (2):
    - kubejs:kjs/create_large_water_wheel
    - kubejs:kjs/create_water_wheel

--- power_2 (Power (2)) ----------------------------------
  Research time: 20s (custom)
  Total entries: 2
  Items (1):
    - create:windmill_bearing
  Recipes (1):
    - kubejs:kjs/create_windmill_bearing
  Dependencies (1 group(s)):
    Group 1 [AND]:
      stage: basic_processing

--- logistics_1 (Logistics (1)) --------------------------
  Research time: 20s (custom)
  Total entries: 12
  Items (5):
    - create:cogwheel
    - create:large_cogwheel
    - create:hand_crank
    - create:shaft
    - create:gearbox
  Recipes (5):
    - kubejs:kjs/create_cogwheel
    - kubejs:kjs/create_large_cogwheel
    - kubejs:kjs/create_hand_crank
    - kubejs:kjs/create_shaft
    - kubejs:kjs/create_gearbox
  Entities (spawnlock) (2):
    - minecraft:zombie
    - minecraft:creeper

--- disabled (Disabled recipes end up here.) -------------
  Research time: 20s (custom)
  Total entries: 3
  Recipes (3):
    - createdieselgenerators:compat/createaddition/copper_wire
    - create:milling/cobblestone
    - create:splashing/gravel

--- electricity_1 (electricity (1)) ----------------------
  Research time: 20s (custom)
  Total entries: 5
  Items (4):
    - create_new_age:generator_coil
    - create_new_age:basic_motor
    - create_new_age:electrical_connector
    - create_new_age:copper_wire
  Recipes (1):
    - kubejs:create/sequenced/copper_wire_1
  Dependencies (1 group(s)):
    Group 1 [AND]:
      stage: basic_processing

--- red_flask (Red Research Flask) -----------------------
  Research time: 20s (custom)
  Total entries: 2
  Items (1):
    - kubejs:red_research_flask
  Recipes (1):
    - kubejs:create/sequenced/red_research_flask_1
  Dependencies (1 group(s)):
    Group 1 [AND]:
      stage: electricity_1
      stage: power_2

================================================================
  CONFIG SNAPSHOT
================================================================

  [common]
    lockMobLoot          = true
    lockBlockBreaking    = true
    lockBlockBreakSpeed  = 0.05
    lockItemUsage        = true
    lockEntityItems      = true
    lockBlockInteraction = true
    researchTimeSeconds  = 20
    useReplacements      = false
    broadcastChat        = true
    useSounds            = true
    useToasts            = true
    showDebugErrors      = true
    enableRuntimeLogging = false

================================================================
  This file was auto-generated by History Stages.
  It is created when issues are found during stage loading.
  Share this file when reporting bugs.

  Global stages:     config/historystages/global/
  Individual stages: config/historystages/individual/
  Log files:         config/historystages/logs/
  Disable chat debug messages: showDebugErrors=false
  in historystages-common.toml
================================================================
